@MAPFILE_REVISION 3114
APP0.WORD_FIRMWARE                                                    1            0            4      1     32      0    0   RO
APP0.WORD_REVISION                                                    1            4            4      1     32      0    0   RO
APP0.WORD_TIMESTAMP                                                   1            8            4      1     32      0    0   RO
APP0.WORD_USER                                                        1           12            4      1     32      0    0   RW
APP0.WORD_TIMING_INT_ENA                                              1          128            4      1      8      0    0   RW
APP0.WORD_TIMING_TRG_SEL                                              1          132            4      1      4      0    0   RW
APP0.WORD_TIMING_FREQ                                                 8          136           32      1     32      0    0   RW
APP0.WORD_TIMING_CNT                                                  8          184           32      1     32      0    0   RW
APP0.WORD_TIMING_TRG_OE                                               1          232            4      1      8      0    0   RW
APP0.WORD_TIMING_TRG_DELAY                                            5          236           20      1     32      0    0   RW
APP0.WORD_TIMING_X2_MACROPULSE_NR                                     2         1024            8      1     32      0    0   RO
APP0.WORD_TIMING_X2_TIMESTAMP                                         2         1032            8      1     32      0    0   RO
APP0.WORD_MLVDS_I                                                     1         1040            4      1      8      0    0   RO
APP0.WORD_MLVDS_IDELAY_VAL                                            8         1056           32      1      5      0    0   RW
APP0.WORD_DAQ_ENABLE                                                  1          280            4      1      2      0    0   RW
APP0.WORD_DAQ_TRG_SEL                                                 1          284            4      1      4      0    0   RW
APP0.WORD_DAQ_MUX                                                     2          288            8      1      8      0    0   RW
APP0.WORD_DAQ_SAMPLES                                                 2          296            8      1     32      0    0   RW
APP0.BIT_RAW_DAQ_POS_ENA                                              1          304            4      1      1      0    0   RW
APP0.WORD_RAW_DAQ_POS                                                 1          308            4      1     32      0    0   RO
APP0.WORD_RTM_RESET                                                   1          496            4      1      1      0    0   RW
APP0.WORD_INTERLOCK                                                   1          500            4      1      2      0    0   RW
APP0.WORD_INTERLOCK_TYPE                                              1          504            4      1      8      0    0   RW
APP0.WORD_INTERLOCK_OUT_SEL                                           1          508            4      1      8      0    0   RW
APP0.WORD_RF_FILTER_ENA                                               1          512            4      1      6      0    0   RW
APP0.WORD_HUHI_FILTER_ENA                                             1          480            4      1      2      0    0   RW
APP0.WORD_PROT_ENA                                                    1          516            4      1      1      0    0   RW
APP0.WORD_PROT_TYPE_ENA                                               1          520            4      1     11      0    0   RW
APP0.WORD_R1_PLEVEL                                                   1          524            4      1     18     16    0   RW
APP0.WORD_R1_THR                                                      1          528            4      1     18     16    0   RW
APP0.WORD_R2_PLEVEL                                                   1          532            4      1     18     16    0   RW
APP0.WORD_R2_THR                                                      1          536            4      1     18     16    0   RW
APP0.WORD_RIN_PLEVEL                                                  1          540            4      1     18     16    0   RW
APP0.WORD_RIN_THR                                                     1          544            4      1     18     16    0   RW
APP0.WORD_R_PLEV_DEALY                                                3          880           12      1      7      0    0   RW
APP0.WORD_FOR_BR_PLEVEL                                               1          548            4      1     18     16    0   RW
APP0.WORD_FOR_BR_POFFSET                                              1          552            4      1     18      0    0   RW
APP0.WORD_SAT_IN_PLEVEL                                               1          556            4      1     18      0    0   RW
APP0.WORD_FIN_SC                                                      1          560            4      1     18     14    0   RW
APP0.WORD_FIN_STEP                                                    1          564            4      1     18      0    0   RW
APP0.WORD_FIN_THR_H                                                   1         1264            4      1     18      0    0   RW
APP0.WORD_FIN_THR_L                                                   1         1268            4      1     18      0    0   RW
APP0.WORD_FOUT_THR_H                                                  1         1272            4      1     18      0    0   RW
APP0.WORD_FOUT_THR_L                                                  1         1276            4      1     18      0    0   RW
APP0.WORD_RF_PULSE_DET                                                1         1280            4      1      1      0    0   RO
APP0.WORD_DFIN_PLEV_FACT                                              6          576           24      1     18     12    0   RW
APP0.WORD_DFIN_PLEV_TIME                                              1          600            4      1      2      0    0   RW
APP0.WORD_RF_DELAYS                                                   4          604           16      1     32      0    0   RW
APP0.WORD_MODEL_MODE                                                  1          780            4      1      1      0    0   RW
APP0.WORD_MODEL_COEF_P                                                4          784           16      1     25     20    1   RW
APP0.WORD_ERROR                                                       1          640            4      1      1      0    0   RO
APP0.WORD_ERROR_TYPE                                                  1          644            4      1     12      0    0   RO
APP0.WORD_ERROR_POS                                                   1          648            4      1     32      0    0   RO
APP0.WORD_ERROR_LOG_ENA                                               1          652            4      1     12      0    0   RW
APP0.BIT_ERROR_CNT_RST                                                1          656            4      1      1      0    0   RW
APP0.WORD_ERROR_CNT                                                  12          660           48      1     16      0    0   RO
APP0.AREA_RF_BASE_MEM                                                64        12288          256      1     18      0    1   RW
APP0.AREA_RF_DELTA_MEM                                               64        16384          256      1     18      0    1   RW
APP0.WORD_FD_IQ_COS                                                  18         4096           72      1     18     16    1   RW
APP0.WORD_FD_IQ_SIN                                                  18         5120           72      1     18     16    1   RW
APP0.WORD_FD_AMP_LIMIT_ACTIVE                                         1         6000            4      1      6      0    0   RO
APP0.WORD_FD_AMP_LIMIT                                                6         6004           24      1     18      0    1   RW
APP0.WORD_FD_AMP_LIMIT_DISABLE                                        1         6040            4      1      6      0    0   RW
APP0.WORD_FD_AVG_CNT                                                  6         6400           24      1     32      0    0   RO
APP0.WORD_FD_AVG_THR                                                  6         6440           24      1     18      0    1   RW
APP0.WORD_FD_AVG_A                                                    6         6480           24      1     32      0    1   RO
APP0.WORD_FD_AVG_P                                                    6         6520           24      1     32      0    1   RO
APP0.WORD_FD_AVG_START                                                1         6560            4      1     32      0    0   RW
APP0.WORD_FD_AVG_STOP                                                 1         6564            4      1     32      0    0   RW
APP0.WORD_HUHI_AVG_CNT                                                2         6600            8      1     32      0    0   RO
APP0.WORD_HUHI_AVG_THR                                                2         6608            8      1     16      0    1   RW
APP0.WORD_HUHI_AVG                                                    2         6616            8      1     32      0    1   RO
APP0.WORD_HU_DET_LEV                                                  1         6640            4      1     16      0    1   RW
APP0.WORD_HI_DET_LEV                                                  1         6644            4      1     16      0    1   RW
APP0.WORD_HUHI_START                                                  1         6648            4      1     24      0    0   RW
APP0.WORD_HUHI_STOP                                                   1         6652            4      1     24      0    0   RW
APP0.WORD_HUHI_PD_DET_LEV                                             1         6656            4      1     16      0    1   RW
APP0.WORD_HUHI_PD_CNT                                                 1         6660            4      1      6      0    0   RO
APP0.AREA_HUHI_PD_LEVEL                                              64         7168          256      1     16      0    1   RO
APP0.AREA_HUHI_PD_POS                                                64         7680          256      1     24      0    0   RO
APP0.WORD_VACUUM_FLEV1                                                1         8192            4      1     14      0    1   RW
APP0.WORD_VACUUM_FLEV2                                                1         8196            4      1     14      0    1   RW
APP0.WORD_VACUUM_FLEV2B                                               1         8200            4      1     14      0    1   RW
APP0.WORD_VACUUM_FLEV3                                                1         8204            4      1     14      0    1   RW
APP0.WORD_VACUUM_FLEV4                                                1         8208            4      1     14      0    1   RW
APP0.WORD_VACUUM_FLEV4B                                               1         8212            4      1     14      0    1   RW
APP0.WORD_VACUUM_SLEV1                                                1         8216            4      1     14      0    1   RW
APP0.WORD_VACUUM_SLEV1B                                               1         8220            4      1     14      0    1   RW
APP0.WORD_VACUUM_MEAN1                                                1         8224            4      1     14      0    1   RO
APP0.WORD_VACUUM_MEAN2                                                1         8228            4      1     14      0    1   RO
APP0.WORD_VACUUM_STATE                                                1         8232            4      1      8      0    0   RO
APP0.WORD_PROT_LIGHT_P                                                1         8400            4      1     14      0    1   RW
APP0.WORD_PROT_LIGHT_N                                                1         8404            4      1     14      0    1   RW
APP0.WORD_RTM_ADC1_OFFSET                                             1         8440            4      1     14      0    1   RW
APP0.WORD_RTM_ADC2_OFFSET                                             1         8444            4      1     14      0    1   RW
APP0.AREA_ADC_SIM_MEM0                                             2048        65536         8192      1     16      0    1   RW
APP0.AREA_ADC_SIM_MEM1                                             2048        73728         8192      1     16      0    1   RW
APP0.AREA_ADC_SIM_MEM2                                             2048        81920         8192      1     16      0    1   RW
APP0.AREA_ADC_SIM_MEM3                                             2048        90112         8192      1     16      0    1   RW
APP0.AREA_ADC_SIM_MEM4                                             2048        98304         8192      1     16      0    1   RW
APP0.AREA_ADC_SIM_MEM5                                             2048       106496         8192      1     16      0    1   RW
APP0.AREA_ADC_SIM_MEM6                                             2048       114688         8192      1     16      0    1   RW
APP0.AREA_ADC_SIM_MEM7                                             2048       122880         8192      1     16      0    1   RW
APP0.AREA_ADC_SIM_MEM8                                             2048       131072         8192      1     16      0    1   RW
APP0.AREA_ADC_SIM_MEM9                                             2048       139264         8192      1     16      0    1   RW
APP0.VAR_CON_RTM_TYPE                                              1024       786432         4096      1     32      0    0   RW
DWC100.WORD_FIRMWARE                                                  1       786432            4      1     32      0    0   RO
DWC100.WORD_REVISION                                                  1       786436            4      1     32      0    0   RO
DWC100.WORD_ATT_SEL                                                   1       786440            4      1     10      0    0   RW
DWC100.WORD_ATT_VAL                                                   1       786444            4      1      6      0    0   RW
DWC100.WORD_ADC_LO                                                    1       786448            4      1     25      0    0   RO
DWC100.WORD_ADC_TEMP                                                  1       786452            4      1     25      0    0   RO
APP0.AREA_MULTIPLEXED_SEQUENCE_DAQ0                              262144            0      1048576     13     32      0    0   RW
APP0.SEQUENCE_DAQ0_0                                                  1            0            4     13     18      0    1   RW
APP0.SEQUENCE_DAQ0_1                                                  1            4            4     13     18      0    1   RW
APP0.SEQUENCE_DAQ0_2                                                  1            8            4     13     18      0    1   RW
APP0.SEQUENCE_DAQ0_3                                                  1           12            4     13     18      0    1   RW
APP0.SEQUENCE_DAQ0_4                                                  1           16            4     13     18      0    1   RW
APP0.SEQUENCE_DAQ0_5                                                  1           20            4     13     18      0    1   RW
APP0.SEQUENCE_DAQ0_6                                                  1           24            4     13     18      0    1   RW
APP0.SEQUENCE_DAQ0_7                                                  1           28            4     13     18      0    1   RW
APP0.SEQUENCE_DAQ0_8                                                  1           32            4     13     18      0    1   RW
APP0.SEQUENCE_DAQ0_9                                                  1           36            4     13     18      0    1   RW
APP0.SEQUENCE_DAQ0_10                                                 1           40            4     13     18      0    1   RW
APP0.SEQUENCE_DAQ0_11                                                 1           44            4     13     18      0    1   RW
APP0.SEQUENCE_DAQ0_12                                                 1           48            4     13     18      0    1   RW
APP0.SEQUENCE_DAQ0_13                                                 1           52            4     13     18      0    1   RW
APP0.SEQUENCE_DAQ0_14                                                 1           56            4     13     32      0    0   RW
APP0.SEQUENCE_DAQ0_15                                                 1           60            4     13     32      0    0   RW
APP0.AREA_MULTIPLEXED_SEQUENCE_DAQ1                             1179648     33554432      4718592     13     32      0    0   RW
APP0.SEQUENCE_DAQ1_0                                                  1     33554432            2     13     16      0    1   RW
APP0.SEQUENCE_DAQ1_1                                                  1     33554434            2     13     16      0    1   RW
APP0.SEQUENCE_DAQ1_2                                                  1     33554436            2     13     16      0    1   RW
APP0.SEQUENCE_DAQ1_3                                                  1     33554438            2     13     16      0    1   RW
APP0.SEQUENCE_DAQ1_4                                                  1     33554440            2     13     16      0    1   RW
APP0.SEQUENCE_DAQ1_5                                                  1     33554442            2     13     16      0    1   RW
APP0.SEQUENCE_DAQ1_6                                                  1     33554444            2     13     16      0    1   RW
APP0.SEQUENCE_DAQ1_7                                                  1     33554446            2     13     16      0    1   RW
APP0.SEQUENCE_DAQ1_8                                                  1     33554448            2     13     16      0    1   RW
APP0.SEQUENCE_DAQ1_9                                                  1     33554450            2     13     16      0    1   RW
APP0.SEQUENCE_DAQ1_10                                                 1     33554452            2     13     16      0    1   RW
APP0.SEQUENCE_DAQ1_11                                                 1     33554454            2     13     16      0    1   RW
APP0.SEQUENCE_DAQ1_12                                                 1     33554456            2     13     16      0    1   RW
APP0.SEQUENCE_DAQ1_13                                                 1     33554458            2     13     16      0    1   RW
APP0.SEQUENCE_DAQ1_14                                                 1     33554460            2     13     16      0    1   RW
APP0.SEQUENCE_DAQ1_15                                                 1     33554462            2     13     16      0    1   RW
BOARD0.WORD_FIRMWARE                                                  1            0            4      0     32      0    0   RO
BOARD0.WORD_REVISION                                                  1            4            4      0     32      0    0   RO
BOARD0.WORD_TIMESTAMP                                                 1            8            4      0     32      0    0   RO
BOARD0.WORD_CLK_FREQ                                                  7           32           28      0     32      0    0   RW
BOARD0.WORD_TRG_CNT                                                   8           64           32      0     32      0    0   RW
BOARD0.WORD_LLL_STATUS                                                6          192           24      0     32      0    0   RW
BOARD0.WORD_LLL_LOOPBACK                                              6          224           24      0      3      0    0   RW
BOARD0.WORD_CLK_MUX                                                   6          128           24      0      2      0    0   RW
BOARD0.WORD_CLK_RST                                                   1          152            4      0      1      0    0   RW
BOARD0.WORD_CLK_SEL                                                   1          156            4      0      2      0    0   RW
BOARD0.WORD_CLK_ERR                                                   1          160            4      0      1      0    0   RO
BOARD0.WORD_SPI_DIV_SEL                                               1          164            4      0      2      0    0   RW
BOARD0.WORD_SPI_DIV_BUSY                                              1          168            4      0      1      0    0   RO
BOARD0.AREA_SPI_DIV                                                 128         4096          512      0      8      0    0   RW
BOARD0.AREA_PLL                                                     512        16384         2048      0      8      0    0   RW
BOARD0.AREA_PLL_CONF                                                512        12288         2048      0     24      0    0   RW
BOARD0.WORD_PLL_CONF_STR                                              1          272            4      0      2      0    0   RW
BOARD0.WORD_PLL_CONF_RST                                              1          276            4      0      1      0    0   RW
BOARD0.WORD_ADC_ENA                                                   1          256            4      0      1      0    0   RW
BOARD0.WORD_ADC_OV                                                    1          260            4      0     10      0    0   RO
BOARD0.WORD_SPI_ADC_SEL                                               1          288            4      0      3      0    0   RW
BOARD0.WORD_SPI_ADC_BUSY                                              1          292            4      0      1      0    0   RO
BOARD0.AREA_SPI_ADC                                                 256         8192         1024      0      8      0    0   RW
BOARD0.WORD_ADC_FIFO_RESET                                            1          264            4      0     10      0    0   RW
BOARD0.WORD_ADC_FIFO_DELAY                                           10          320           40      0      8      0    0   RW
BOARD0.WORD_BOOT_STATUS                                               1          384            4      0      1      0    0   RW
BOARD0.AREA_BOOT                                                  16384        65536        65536      0     32      0    0   RW
BOARD0.WORD_IDELAY_SEL                                                1          464            4      0      8      0    0   RW
BOARD0.WORD_IDELAY_INC                                                1          468            4      0      1      0    0   RW
BOARD0.WORD_RESET_N                                                   1          512            4      0      1      0    0   RW
BOARD0.WORD_DAQ_RESET                                                 1          508            4      0      1      0    0   RW
BOARD0.WORD_DAQ_STATUS                                                2          784            8      0      8      0    0   RO
BOARD0.WORD_DAQ_BW_EST                                                2          792            8      0     32      0    0   RO
BOARD0.WORD_USER                                                      1          516            4      0     32      0    0   RW
BOARD0.WORD_DAC_ENA                                                   1          520            4      0      1      0    0   RW
BOARD0.WORD_CLK_PHASE_INCDEC                                          1          536            4      0      1      0    0   RW
BOARD0.WORD_DAC_IDELAY_SEL                                            1          540            4      0      1      0    0   RW
BOARD0.WORD_DAC_IDELAY_INC                                            1          544            4      0      1      0    0   RW
BOARD0.WORD_DAC_IDELAY_CNT                                            1          548            4      0      5      0    0   RO
BOARD0.WORD_ADC_IDELAY_CNT                                            5          592           20      0      5      0    0   RO
BOARD0.WORD_ADC_REVERT_CLK                                            1          656            4      0      5      0    0   RW
BOARD0.WORD_HARLINK_IN                                                1          660            4      0      4      0    0   RO
BOARD0.WORD_HARLINK_OUT                                               1          664            4      0      4      0    0   RW
BOARD0.AREA_DMA                                                 9568256            0     38273024     13     32      0    0   RO
